// Jest Snapshot v1, https://goo.gl/fbAQLP

exports[`<Footer /> renders correctly 1`] = `
<footer
  className="footer"
>
  <p
    className="icon-copyright"
  >
    2020 Eric Lee. Designed and built with
     
    <span
      aria-label="love"
      role="img"
    >
      ❤️
    </span>
    .
  </p>
  <Container
    className="contact-item-container"
    fluid={false}
  >
    <Row
      noGutters={false}
    >
      <Col>
        <Button
          active={false}
          className="contact-item icon-mail-alt"
          disabled={false}
          href="mailto:hsuan9528@gmail.com"
          variant="outline-light"
        >
          Email
        </Button>
        <Button
          active={false}
          className="contact-item icon-linkedin"
          disabled={false}
          href="http://www.linkedin.com/in/erichsuanlee"
          variant="outline-light"
        >
          LinkedIn
        </Button>
        <Button
          active={false}
          className="contact-item icon-github"
          disabled={false}
          href="http://github.com/ericlee1995"
          variant="outline-light"
        >
          GitHub
        </Button>
        <Button
          active={false}
          className="contact-item icon-instagram"
          disabled={false}
          href="http://www.instagram.com/eric.hlee/"
          variant="outline-light"
        >
          Instagram
        </Button>
      </Col>
    </Row>
  </Container>
</footer>
`;
