// Jest Snapshot v1, https://goo.gl/fbAQLP

exports[`<KeySkills /> renders correctly 1`] = `
<Card
  body={false}
  className="key-skills"
>
  <CardBody>
    <CardText
      as="div"
    >
      <CardTitle>
        Programming languages:
      </CardTitle>
      <ListGroup
        horizontal="sm"
        variant={null}
      >
        <ListGroupItem
          active={false}
          disabled={false}
          variant={null}
        >
          Python
        </ListGroupItem>
        <ListGroupItem
          active={false}
          disabled={false}
          variant={null}
        >
          Java
        </ListGroupItem>
        <ListGroupItem
          active={false}
          disabled={false}
          variant={null}
        >
          Bash
        </ListGroupItem>
      </ListGroup>
      <br />
      <CardTitle>
        Web/scripting languages:
      </CardTitle>
      <ListGroup
        horizontal="sm"
        variant={null}
      >
        <ListGroupItem
          active={false}
          disabled={false}
          variant={null}
        >
          HTML
        </ListGroupItem>
        <ListGroupItem
          active={false}
          disabled={false}
          variant={null}
        >
          CSS
        </ListGroupItem>
        <ListGroupItem
          active={false}
          disabled={false}
          variant={null}
        >
          Sass
        </ListGroupItem>
        <ListGroupItem
          active={false}
          disabled={false}
          variant={null}
        >
          JavaScript
        </ListGroupItem>
        <ListGroupItem
          active={false}
          disabled={false}
          variant={null}
        >
          SQL
        </ListGroupItem>
      </ListGroup>
      <br />
      <CardTitle>
        Library/Frameworks:
      </CardTitle>
      <ListGroup
        horizontal="sm"
        variant={null}
      >
        <ListGroupItem
          active={false}
          disabled={false}
          variant={null}
        >
          ReactJS
        </ListGroupItem>
        <ListGroupItem
          active={false}
          disabled={false}
          variant={null}
        >
          Redux
        </ListGroupItem>
        <ListGroupItem
          active={false}
          disabled={false}
          variant={null}
        >
          React-Router
        </ListGroupItem>
        <ListGroupItem
          active={false}
          disabled={false}
          variant={null}
        >
          React Intl
        </ListGroupItem>
        <ListGroupItem
          active={false}
          disabled={false}
          variant={null}
        >
          ExpressJS
        </ListGroupItem>
        <ListGroupItem
          active={false}
          disabled={false}
          variant={null}
        >
          DraftJS
        </ListGroupItem>
        <ListGroupItem
          active={false}
          disabled={false}
          variant={null}
        >
          Jest
        </ListGroupItem>
        <ListGroupItem
          active={false}
          disabled={false}
          variant={null}
        >
          Enzyme
        </ListGroupItem>
      </ListGroup>
      <br />
      <CardTitle>
        Other technologies:
      </CardTitle>
      <ListGroup
        horizontal="sm"
        variant={null}
      >
        <ListGroupItem
          active={false}
          disabled={false}
          variant={null}
        >
          Docker
        </ListGroupItem>
        <ListGroupItem
          active={false}
          disabled={false}
          variant={null}
        >
          Git
        </ListGroupItem>
        <ListGroupItem
          active={false}
          disabled={false}
          variant={null}
        >
          GitHub
        </ListGroupItem>
        <ListGroupItem
          active={false}
          disabled={false}
          variant={null}
        >
          Webpack
        </ListGroupItem>
      </ListGroup>
    </CardText>
  </CardBody>
</Card>
`;
