// Jest Snapshot v1, https://goo.gl/fbAQLP

exports[`<NavBar /> renders correctly 1`] = `
<Navbar
  bg="dark"
  collapseOnSelect={false}
  expand="sm"
  variant="dark"
>
  <NavbarBrand
    href="/"
  >
    <FormattedMessage
      defaultMessage="Eric Lee"
      id="navbar.text"
      values={Object {}}
    />
  </NavbarBrand>
  <NavbarToggle
    label="Toggle navigation"
  />
  <NavbarCollapse
    className="justify-content-end"
  >
    <Nav
      className="mr-auto"
      fill={false}
      justify={false}
    >
      <NavDropdown
        id="portfolio-dropdown"
        title={
          <FormattedMessage
            defaultMessage="Portfolio"
            id="navbar.portfolio"
            values={Object {}}
          />
        }
      >
        <DropdownItem
          as={
            Object {
              "$$typeof": Symbol(react.forward_ref),
              "displayName": "SafeAnchor",
              "render": [Function],
            }
          }
          disabled={false}
          href="/chat_app"
        >
          <FormattedMessage
            defaultMessage="Echo Chat App"
            id="navbar.chat_app"
            values={Object {}}
          />
        </DropdownItem>
        <DropdownDivider
          role="separator"
        />
        <DropdownItem
          as={
            Object {
              "$$typeof": Symbol(react.forward_ref),
              "displayName": "SafeAnchor",
              "render": [Function],
            }
          }
          disabled={true}
        >
          <FormattedMessage
            defaultMessage="To be updated..."
            id="navbar.to_be_updated"
            values={Object {}}
          />
        </DropdownItem>
      </NavDropdown>
    </Nav>
    <Nav
      fill={false}
      justify={false}
    >
      <Button
        active={false}
        disabled={false}
        onClick={[Function]}
        type="button"
        variant="dark"
      >
        English
      </Button>
    </Nav>
  </NavbarCollapse>
</Navbar>
`;
