// Jest Snapshot v1, https://goo.gl/fbAQLP

exports[`<NavBar /> renders correctly 1`] = `
<Navbar
  bg="dark"
  collapseOnSelect={false}
  expand="sm"
  variant="dark"
>
  <NavbarBrand
    href="/"
  >
    <FormattedMessage
      defaultMessage="Eric Lee"
      id="navbar.text"
    />
  </NavbarBrand>
  <NavbarToggle
    label="Toggle navigation"
  />
  <NavbarCollapse
    className="justify-content-end"
  >
    <Nav
      className="mr-auto"
      fill={false}
      justify={false}
    >
      <NavDropdown
        id="portfolio-dropdown"
        title={
          <FormattedMessage
            defaultMessage="Portfolio"
            id="navbar.portfolio"
          />
        }
      >
        <DropdownItem
          as={
            Object {
              "$$typeof": Symbol(react.forward_ref),
              "displayName": "SafeAnchor",
              "render": [Function],
            }
          }
          disabled={false}
          href="/chat_app"
        >
          <FormattedMessage
            defaultMessage="Echo Chat App"
            id="navbar.chat_app"
          />
        </DropdownItem>
        <DropdownDivider
          role="separator"
        />
        <DropdownItem
          as={
            Object {
              "$$typeof": Symbol(react.forward_ref),
              "displayName": "SafeAnchor",
              "render": [Function],
            }
          }
          disabled={true}
        >
          <FormattedMessage
            defaultMessage="To be updated..."
            id="navbar.to_be_updated"
          />
        </DropdownItem>
      </NavDropdown>
    </Nav>
    <Nav
      fill={false}
      justify={false}
    >
      <DropdownButton
        id="dropdown-item-button"
        title="Select langauge"
        variant="secondary"
      >
        <DropdownItem
          as="button"
          disabled={false}
          key="0"
          onClick={[Function]}
        >
          English
        </DropdownItem>
        <DropdownItem
          as="button"
          disabled={false}
          key="1"
          onClick={[Function]}
        >
          简体中文
        </DropdownItem>
        <DropdownItem
          as="button"
          disabled={false}
          key="2"
          onClick={[Function]}
        >
          繁體中文
        </DropdownItem>
      </DropdownButton>
    </Nav>
  </NavbarCollapse>
</Navbar>
`;
